{
  "version": "1.5.0",
  "plugins_used": [
    {
      "name": "ArtifactoryDetector"
    },
    {
      "name": "AWSKeyDetector"
    },
    {
      "name": "AzureStorageKeyDetector"
    },
    {
      "name": "Base64HighEntropyString",
      "limit": 4.5
    },
    {
      "name": "BasicAuthDetector"
    },
    {
      "name": "CloudantDetector"
    },
    {
      "name": "DiscordBotTokenDetector"
    },
    {
      "name": "GitHubTokenDetector"
    },
    {
      "name": "GitLabTokenDetector"
    },
    {
      "name": "HexHighEntropyString",
      "limit": 3.0
    },
    {
      "name": "IbmCloudIamDetector"
    },
    {
      "name": "IbmCosHmacDetector"
    },
    {
      "name": "IPPublicDetector"
    },
    {
      "name": "JwtTokenDetector"
    },
    {
      "name": "KeywordDetector",
      "keyword_exclude": ""
    },
    {
      "name": "MailchimpDetector"
    },
    {
      "name": "NpmDetector"
    },
    {
      "name": "OpenAIDetector"
    },
    {
      "name": "PrivateKeyDetector"
    },
    {
      "name": "PypiTokenDetector"
    },
    {
      "name": "SendGridDetector"
    },
    {
      "name": "SlackDetector"
    },
    {
      "name": "SoftlayerDetector"
    },
    {
      "name": "SquareOAuthDetector"
    },
    {
      "name": "StripeDetector"
    },
    {
      "name": "TelegramBotTokenDetector"
    },
    {
      "name": "TwilioKeyDetector"
    }
  ],
  "filters_used": [
    {
      "path": "detect_secrets.filters.allowlist.is_line_allowlisted"
    },
    {
      "path": "detect_secrets.filters.common.is_baseline_file",
      "filename": ".secrets.baseline"
    },
    {
      "path": "detect_secrets.filters.common.is_ignored_due_to_verification_policies",
      "min_level": 2
    },
    {
      "path": "detect_secrets.filters.heuristic.is_indirect_reference"
    },
    {
      "path": "detect_secrets.filters.heuristic.is_likely_id_string"
    },
    {
      "path": "detect_secrets.filters.heuristic.is_lock_file"
    },
    {
      "path": "detect_secrets.filters.heuristic.is_not_alphanumeric_string"
    },
    {
      "path": "detect_secrets.filters.heuristic.is_potential_uuid"
    },
    {
      "path": "detect_secrets.filters.heuristic.is_prefixed_with_dollar_sign"
    },
    {
      "path": "detect_secrets.filters.heuristic.is_sequential_string"
    },
    {
      "path": "detect_secrets.filters.heuristic.is_swagger_file"
    },
    {
      "path": "detect_secrets.filters.heuristic.is_templated_secret"
    },
    {
      "path": "detect_secrets.filters.regex.should_exclude_file",
      "pattern": [
        "^(uv\\.lock|\\.venv/|ui/admin/(node_modules|dist)/|.*\\.pdf|.*\\.sqlite|.*\\.sqlite\\.kek)$"
      ]
    }
  ],
  "results": {
    ".memotron.yaml": [
      {
        "type": "Secret Keyword",
        "filename": ".memotron.yaml",
        "hashed_secret": "9854e3021a13c512b797972837462622115d2310",
        "is_verified": false,
        "line_number": 37
      }
    ],
    ".helm/values-latest.yaml": [
      {
        "type": "Secret Keyword",
        "filename": ".helm/values-latest.yaml",
        "hashed_secret": "d0db931fd70ca0fe7bdd6a963d17b16f16a08b22",
        "is_verified": false,
        "line_number": 183
      },
      {
        "type": "Secret Keyword",
        "filename": ".helm/values-latest.yaml",
        "hashed_secret": "10c3fd88bd20d061f3a855939d9c3adcc8efa92d",
        "is_verified": false,
        "line_number": 203
      }
    ],
    ".helm/values-load.yaml": [
      {
        "type": "Secret Keyword",
        "filename": ".helm/values-load.yaml",
        "hashed_secret": "d0db931fd70ca0fe7bdd6a963d17b16f16a08b22",
        "is_verified": false,
        "line_number": 90
      },
      {
        "type": "Secret Keyword",
        "filename": ".helm/values-load.yaml",
        "hashed_secret": "10c3fd88bd20d061f3a855939d9c3adcc8efa92d",
        "is_verified": false,
        "line_number": 110
      }
    ],
    ".helm/values-preview.yaml": [
      {
        "type": "Secret Keyword",
        "filename": ".helm/values-preview.yaml",
        "hashed_secret": "d0db931fd70ca0fe7bdd6a963d17b16f16a08b22",
        "is_verified": false,
        "line_number": 100
      },
      {
        "type": "Secret Keyword",
        "filename": ".helm/values-preview.yaml",
        "hashed_secret": "10c3fd88bd20d061f3a855939d9c3adcc8efa92d",
        "is_verified": false,
        "line_number": 120
      }
    ],
    ".helm/values-prod.yaml": [
      {
        "type": "Secret Keyword",
        "filename": ".helm/values-prod.yaml",
        "hashed_secret": "d0db931fd70ca0fe7bdd6a963d17b16f16a08b22",
        "is_verified": false,
        "line_number": 92
      },
      {
        "type": "Secret Keyword",
        "filename": ".helm/values-prod.yaml",
        "hashed_secret": "10c3fd88bd20d061f3a855939d9c3adcc8efa92d",
        "is_verified": false,
        "line_number": 112
      }
    ],
    ".helm/values-stage.yaml": [
      {
        "type": "Secret Keyword",
        "filename": ".helm/values-stage.yaml",
        "hashed_secret": "d0db931fd70ca0fe7bdd6a963d17b16f16a08b22",
        "is_verified": false,
        "line_number": 91
      },
      {
        "type": "Secret Keyword",
        "filename": ".helm/values-stage.yaml",
        "hashed_secret": "10c3fd88bd20d061f3a855939d9c3adcc8efa92d",
        "is_verified": false,
        "line_number": 111
      }
    ],
    ".helm/values.yaml": [
      {
        "type": "Secret Keyword",
        "filename": ".helm/values.yaml",
        "hashed_secret": "abd8eeb0a94438bb12f592e69198987807a96f16",
        "is_verified": false,
        "line_number": 41
      },
      {
        "type": "Secret Keyword",
        "filename": ".helm/values.yaml",
        "hashed_secret": "39e95629da01592c35da6a02346d7bb14bfc5268",
        "is_verified": false,
        "line_number": 379
      },
      {
        "type": "Secret Keyword",
        "filename": ".helm/values.yaml",
        "hashed_secret": "5fc6f79d2087e7c0958b7bd61658f1947ed59bcf",
        "is_verified": false,
        "line_number": 440
      },
      {
        "type": "Secret Keyword",
        "filename": ".helm/values.yaml",
        "hashed_secret": "5baa61e4c9b93f3f0682250b6cf8331b7ee68fd8",
        "is_verified": false,
        "line_number": 447
      }
    ],
    "DOGFOOD-LOG.md": [
      {
        "type": "Secret Keyword",
        "filename": "DOGFOOD-LOG.md",
        "hashed_secret": "d67af489a55a8deb0b5694b87aaee34e1ba1c8f3",
        "is_verified": false,
        "line_number": 2162
      }
    ],
    "README.md": [
      {
        "type": "Secret Keyword",
        "filename": "README.md",
        "hashed_secret": "9cb0dc5383312aa15b9dc6745645bde18ff5ade9",
        "is_verified": false,
        "line_number": 43
      },
      {
        "type": "Secret Keyword",
        "filename": "README.md",
        "hashed_secret": "02ecb94373bfb3dfe827ca18409f50b016e8302a",
        "is_verified": false,
        "line_number": 2185
      },
      {
        "type": "Secret Keyword",
        "filename": "README.md",
        "hashed_secret": "9854e3021a13c512b797972837462622115d2310",
        "is_verified": false,
        "line_number": 2225
      }
    ],
    "benchmarks/memotron_kb_v1/report.json": [
      {
        "type": "Hex High Entropy String",
        "filename": "benchmarks/memotron_kb_v1/report.json",
        "hashed_secret": "15369ad7c5a2b2da5f5740c372026f3fff78519c",
        "is_verified": false,
        "line_number": 71
      },
      {
        "type": "Hex High Entropy String",
        "filename": "benchmarks/memotron_kb_v1/report.json",
        "hashed_secret": "3d6c0d0655aa4cf771acd7c88c46575232f5aed3",
        "is_verified": false,
        "line_number": 110
      },
      {
        "type": "Hex High Entropy String",
        "filename": "benchmarks/memotron_kb_v1/report.json",
        "hashed_secret": "5c773b04b3f005cb390b35bcf7132c5d0f7ed032",
        "is_verified": false,
        "line_number": 149
      },
      {
        "type": "Hex High Entropy String",
        "filename": "benchmarks/memotron_kb_v1/report.json",
        "hashed_secret": "993e53a89413b468d2bdef048af95ade4e3c03b5",
        "is_verified": false,
        "line_number": 188
      },
      {
        "type": "Hex High Entropy String",
        "filename": "benchmarks/memotron_kb_v1/report.json",
        "hashed_secret": "954175ff4f7fdf5ce3537077cb1d062dfe5c1bdb",
        "is_verified": false,
        "line_number": 227
      },
      {
        "type": "Hex High Entropy String",
        "filename": "benchmarks/memotron_kb_v1/report.json",
        "hashed_secret": "fb39c4c9d36d6c2d935faf79b4da1db75e676743",
        "is_verified": false,
        "line_number": 266
      },
      {
        "type": "Hex High Entropy String",
        "filename": "benchmarks/memotron_kb_v1/report.json",
        "hashed_secret": "494b982c853b22fedd1bf994ffa1d3c9e81ad493",
        "is_verified": false,
        "line_number": 305
      },
      {
        "type": "Hex High Entropy String",
        "filename": "benchmarks/memotron_kb_v1/report.json",
        "hashed_secret": "865d09af42d64efd976584fbac891e3dd41bf644",
        "is_verified": false,
        "line_number": 344
      },
      {
        "type": "Hex High Entropy String",
        "filename": "benchmarks/memotron_kb_v1/report.json",
        "hashed_secret": "8d8c3da261959385352e77c9d0a409201d4ae3b5",
        "is_verified": false,
        "line_number": 383
      },
      {
        "type": "Hex High Entropy String",
        "filename": "benchmarks/memotron_kb_v1/report.json",
        "hashed_secret": "c70b7ef775975aa6078de078e65297ba3bdd5719",
        "is_verified": false,
        "line_number": 422
      },
      {
        "type": "Hex High Entropy String",
        "filename": "benchmarks/memotron_kb_v1/report.json",
        "hashed_secret": "0d0988554a80207862a1ff511d2b970d47abbba3",
        "is_verified": false,
        "line_number": 461
      },
      {
        "type": "Hex High Entropy String",
        "filename": "benchmarks/memotron_kb_v1/report.json",
        "hashed_secret": "7c60222f86e09111fcfabffdabe6be470f5cab84",
        "is_verified": false,
        "line_number": 500
      },
      {
        "type": "Hex High Entropy String",
        "filename": "benchmarks/memotron_kb_v1/report.json",
        "hashed_secret": "7db9200a49f91098a2350ad9ecb2c493d191b31f",
        "is_verified": false,
        "line_number": 539
      },
      {
        "type": "Hex High Entropy String",
        "filename": "benchmarks/memotron_kb_v1/report.json",
        "hashed_secret": "0f52f550c1606b0ce9428a3870fb3ef693079528",
        "is_verified": false,
        "line_number": 578
      },
      {
        "type": "Hex High Entropy String",
        "filename": "benchmarks/memotron_kb_v1/report.json",
        "hashed_secret": "221c484f0ebb0913914eb1cfb8ce97d23c5ea157",
        "is_verified": false,
        "line_number": 617
      },
      {
        "type": "Hex High Entropy String",
        "filename": "benchmarks/memotron_kb_v1/report.json",
        "hashed_secret": "a59efea78dd388169007d264a0eed53ef7c881da",
        "is_verified": false,
        "line_number": 656
      },
      {
        "type": "Hex High Entropy String",
        "filename": "benchmarks/memotron_kb_v1/report.json",
        "hashed_secret": "be7107436d5ea8a71613de9915d6cbe37e9068cd",
        "is_verified": false,
        "line_number": 695
      },
      {
        "type": "Hex High Entropy String",
        "filename": "benchmarks/memotron_kb_v1/report.json",
        "hashed_secret": "2aab8a46fe61b4bdb99d00125aa3a7691b96d187",
        "is_verified": false,
        "line_number": 734
      },
      {
        "type": "Hex High Entropy String",
        "filename": "benchmarks/memotron_kb_v1/report.json",
        "hashed_secret": "06457fc3b90e1d4bdbb5ff5e2f958b4ad0cb8651",
        "is_verified": false,
        "line_number": 773
      },
      {
        "type": "Hex High Entropy String",
        "filename": "benchmarks/memotron_kb_v1/report.json",
        "hashed_secret": "0b7f330b2692304d7208d9864135fcf36bfc9f64",
        "is_verified": false,
        "line_number": 812
      },
      {
        "type": "Hex High Entropy String",
        "filename": "benchmarks/memotron_kb_v1/report.json",
        "hashed_secret": "76cebcc7879bd24b48c635e44e7b2d02f6645985",
        "is_verified": false,
        "line_number": 851
      },
      {
        "type": "Hex High Entropy String",
        "filename": "benchmarks/memotron_kb_v1/report.json",
        "hashed_secret": "02dfea7d6963afcedf262650dfee45c8211189da",
        "is_verified": false,
        "line_number": 890
      },
      {
        "type": "Hex High Entropy String",
        "filename": "benchmarks/memotron_kb_v1/report.json",
        "hashed_secret": "f25f3accbd01de2ac50f66525b0cffb7094882fa",
        "is_verified": false,
        "line_number": 929
      },
      {
        "type": "Hex High Entropy String",
        "filename": "benchmarks/memotron_kb_v1/report.json",
        "hashed_secret": "d8712f7d05c2eb60f15f3735b4e98d6be298cc7f",
        "is_verified": false,
        "line_number": 968
      },
      {
        "type": "Hex High Entropy String",
        "filename": "benchmarks/memotron_kb_v1/report.json",
        "hashed_secret": "138fa5971cdf681dc900966da6adb2047028383f",
        "is_verified": false,
        "line_number": 1919
      }
    ],
    "demo/demo_config.py": [
      {
        "type": "Secret Keyword",
        "filename": "demo/demo_config.py",
        "hashed_secret": "9854e3021a13c512b797972837462622115d2310",
        "is_verified": false,
        "line_number": 149
      }
    ],
    "docker-compose.local.yml": [
      {
        "type": "Secret Keyword",
        "filename": "docker-compose.local.yml",
        "hashed_secret": "e1def215d1e213c8e9f448a1f8ae4854cbbc636c",
        "is_verified": false,
        "line_number": 64
      },
      {
        "type": "Secret Keyword",
        "filename": "docker-compose.local.yml",
        "hashed_secret": "b29e47276638c5a029c7ffa9215ea72e1dd56393",
        "is_verified": false,
        "line_number": 130
      }
    ],
    "docs/spikes/claude-plugin/marketplace/memotron-memory/skills/memotron-sdk/SKILL.md": [
      {
        "type": "Secret Keyword",
        "filename": "docs/spikes/claude-plugin/marketplace/memotron-memory/skills/memotron-sdk/SKILL.md",
        "hashed_secret": "9cb0dc5383312aa15b9dc6745645bde18ff5ade9",
        "is_verified": false,
        "line_number": 51
      }
    ],
    "scripts/verify/probe_credential_overwrite.py": [
      {
        "type": "Secret Keyword",
        "filename": "scripts/verify/probe_credential_overwrite.py",
        "hashed_secret": "aefbfbcef0140dec45354727324e5862e4a957f6",
        "is_verified": false,
        "line_number": 48
      },
      {
        "type": "Secret Keyword",
        "filename": "scripts/verify/probe_credential_overwrite.py",
        "hashed_secret": "e390897c9347ea6cdad096a189cf746545311db1",
        "is_verified": false,
        "line_number": 58
      }
    ],
    "scripts/verify/probe_env_file_cwd.py": [
      {
        "type": "Base64 High Entropy String",
        "filename": "scripts/verify/probe_env_file_cwd.py",
        "hashed_secret": "b732fa6bb4426cb88a2e17f5896623c1f947ed3a",
        "is_verified": false,
        "line_number": 93
      }
    ],
    "scripts/verify/probe_shred_audit.py": [
      {
        "type": "Secret Keyword",
        "filename": "scripts/verify/probe_shred_audit.py",
        "hashed_secret": "698f47f03fcc675c0a80fbfe6c6b4a9fd9108143",
        "is_verified": false,
        "line_number": 41
      }
    ],
    "scripts/verify/sweep_admin.py": [
      {
        "type": "Secret Keyword",
        "filename": "scripts/verify/sweep_admin.py",
        "hashed_secret": "8179219260637689d6bd401a36efe4f7b09cf174",
        "is_verified": false,
        "line_number": 65
      }
    ],
    "scripts/verify/sweep_mcp.py": [
      {
        "type": "Secret Keyword",
        "filename": "scripts/verify/sweep_mcp.py",
        "hashed_secret": "8b113eef0d76a238b768d9fa2ecbe3c442b91c64",
        "is_verified": false,
        "line_number": 77
      }
    ],
    "scripts/verify/sweep_sdk.py": [
      {
        "type": "Secret Keyword",
        "filename": "scripts/verify/sweep_sdk.py",
        "hashed_secret": "8179219260637689d6bd401a36efe4f7b09cf174",
        "is_verified": false,
        "line_number": 67
      }
    ],
    "src/memotron/gateway.py": [
      {
        "type": "Secret Keyword",
        "filename": "src/memotron/gateway.py",
        "hashed_secret": "9854e3021a13c512b797972837462622115d2310",
        "is_verified": false,
        "line_number": 46
      }
    ],
    "src/memotron/storage/receipts.py": [
      {
        "type": "Secret Keyword",
        "filename": "src/memotron/storage/receipts.py",
        "hashed_secret": "425fe621ff2d19624e810d5ba0c6912f7c372fbe",
        "is_verified": false,
        "line_number": 118
      }
    ],
    "tests/api_surface.golden.txt": [
      {
        "type": "Secret Keyword",
        "filename": "tests/api_surface.golden.txt",
        "hashed_secret": "3442496b96dd01591a8cd44b1eec1368ab728aba",
        "is_verified": false,
        "line_number": 220
      },
      {
        "type": "Secret Keyword",
        "filename": "tests/api_surface.golden.txt",
        "hashed_secret": "daf529a73101c2be626b99fc6938163e7a27620b",
        "is_verified": false,
        "line_number": 717
      }
    ],
    "tests/api_surface.pre_cutover.txt": [
      {
        "type": "Secret Keyword",
        "filename": "tests/api_surface.pre_cutover.txt",
        "hashed_secret": "3442496b96dd01591a8cd44b1eec1368ab728aba",
        "is_verified": false,
        "line_number": 404
      },
      {
        "type": "Secret Keyword",
        "filename": "tests/api_surface.pre_cutover.txt",
        "hashed_secret": "daf529a73101c2be626b99fc6938163e7a27620b",
        "is_verified": false,
        "line_number": 670
      }
    ],
    "tests/test_admin_error_disclosure.py": [
      {
        "type": "Secret Keyword",
        "filename": "tests/test_admin_error_disclosure.py",
        "hashed_secret": "55fcc3bd11db6ae6b545faa48f71b9e16f1d35f0",
        "is_verified": false,
        "line_number": 41
      }
    ],
    "tests/test_adoption.py": [
      {
        "type": "Secret Keyword",
        "filename": "tests/test_adoption.py",
        "hashed_secret": "9854e3021a13c512b797972837462622115d2310",
        "is_verified": false,
        "line_number": 263
      }
    ],
    "tests/test_agent_memory.py": [
      {
        "type": "Secret Keyword",
        "filename": "tests/test_agent_memory.py",
        "hashed_secret": "02ecb94373bfb3dfe827ca18409f50b016e8302a",
        "is_verified": false,
        "line_number": 802
      },
      {
        "type": "Secret Keyword",
        "filename": "tests/test_agent_memory.py",
        "hashed_secret": "6188875a05ea2df9b90294a89a8e1e169355715e",
        "is_verified": false,
        "line_number": 855
      },
      {
        "type": "Secret Keyword",
        "filename": "tests/test_agent_memory.py",
        "hashed_secret": "a288513f2a30d39a5123d8cdc53914d71db049b6",
        "is_verified": false,
        "line_number": 910
      }
    ],
    "tests/test_dream_agent_transport.py": [
      {
        "type": "Secret Keyword",
        "filename": "tests/test_dream_agent_transport.py",
        "hashed_secret": "064009146045e14a5eccfd893ce9286e90a59b09",
        "is_verified": false,
        "line_number": 188
      },
      {
        "type": "Secret Keyword",
        "filename": "tests/test_dream_agent_transport.py",
        "hashed_secret": "a34a990377312e9a234870cdc27a2494ae7ebbf7",
        "is_verified": false,
        "line_number": 403
      },
      {
        "type": "Secret Keyword",
        "filename": "tests/test_dream_agent_transport.py",
        "hashed_secret": "a23c8630c8a5fbaa21f095e0269c135c20d21689",
        "is_verified": false,
        "line_number": 421
      },
      {
        "type": "Secret Keyword",
        "filename": "tests/test_dream_agent_transport.py",
        "hashed_secret": "02ecb94373bfb3dfe827ca18409f50b016e8302a",
        "is_verified": false,
        "line_number": 460
      },
      {
        "type": "Secret Keyword",
        "filename": "tests/test_dream_agent_transport.py",
        "hashed_secret": "9854e3021a13c512b797972837462622115d2310",
        "is_verified": false,
        "line_number": 475
      }
    ],
    "tests/test_dream_concurrency.py": [
      {
        "type": "Secret Keyword",
        "filename": "tests/test_dream_concurrency.py",
        "hashed_secret": "d8b2dc8cb726619c814d9b774d29d4f34651e726",
        "is_verified": false,
        "line_number": 492
      }
    ],
    "tests/test_memotron.py": [
      {
        "type": "Secret Keyword",
        "filename": "tests/test_memotron.py",
        "hashed_secret": "c23a053b66493cde7c7a2a4b262399707743bfd4",
        "is_verified": false,
        "line_number": 2918
      },
      {
        "type": "Secret Keyword",
        "filename": "tests/test_memotron.py",
        "hashed_secret": "1a1b90c4f4ef65ab7f523ca94bdcbf167705eac2",
        "is_verified": false,
        "line_number": 3047
      },
      {
        "type": "Secret Keyword",
        "filename": "tests/test_memotron.py",
        "hashed_secret": "1539b92e4c5c0d09246f50f762ba705544dacc29",
        "is_verified": false,
        "line_number": 3101
      },
      {
        "type": "Secret Keyword",
        "filename": "tests/test_memotron.py",
        "hashed_secret": "048228462326d9a3d4793f44e2202d547d237e1f",
        "is_verified": false,
        "line_number": 3213
      },
      {
        "type": "Secret Keyword",
        "filename": "tests/test_memotron.py",
        "hashed_secret": "9854e3021a13c512b797972837462622115d2310",
        "is_verified": false,
        "line_number": 3784
      },
      {
        "type": "Secret Keyword",
        "filename": "tests/test_memotron.py",
        "hashed_secret": "797a2c6472364c42e142160afe44fbf067d90233",
        "is_verified": false,
        "line_number": 4446
      }
    ],
    "tests/test_embedding_transport.py": [
      {
        "type": "Secret Keyword",
        "filename": "tests/test_embedding_transport.py",
        "hashed_secret": "50e9dc6e888e19a69ee324290b9072e602332767",
        "is_verified": false,
        "line_number": 307
      },
      {
        "type": "Secret Keyword",
        "filename": "tests/test_embedding_transport.py",
        "hashed_secret": "9854e3021a13c512b797972837462622115d2310",
        "is_verified": false,
        "line_number": 376
      },
      {
        "type": "Secret Keyword",
        "filename": "tests/test_embedding_transport.py",
        "hashed_secret": "ca7b5eb1e352d82e34f9dee0ecfad57f59f099d3",
        "is_verified": false,
        "line_number": 390
      },
      {
        "type": "Secret Keyword",
        "filename": "tests/test_embedding_transport.py",
        "hashed_secret": "b488d0c637f9fa4ab230d2359759c64a8475a2a4",
        "is_verified": false,
        "line_number": 401
      },
      {
        "type": "Secret Keyword",
        "filename": "tests/test_embedding_transport.py",
        "hashed_secret": "c34fc3bd4dea0b05d24cbc787430691582acc5cb",
        "is_verified": false,
        "line_number": 412
      },
      {
        "type": "Secret Keyword",
        "filename": "tests/test_embedding_transport.py",
        "hashed_secret": "b2d7875595d345335153258c57ba8ab77b13f9b7",
        "is_verified": false,
        "line_number": 471
      },
      {
        "type": "Secret Keyword",
        "filename": "tests/test_embedding_transport.py",
        "hashed_secret": "5d10afb17a825570103b12eed17daa6378a15657",
        "is_verified": false,
        "line_number": 875
      }
    ],
    "tests/test_local_platform.py": [
      {
        "type": "Secret Keyword",
        "filename": "tests/test_local_platform.py",
        "hashed_secret": "a288513f2a30d39a5123d8cdc53914d71db049b6",
        "is_verified": false,
        "line_number": 168
      }
    ],
    "tests/test_migration.py": [
      {
        "type": "Secret Keyword",
        "filename": "tests/test_migration.py",
        "hashed_secret": "e9a5f12a8ecbb3eb46eca5096b5c52aa5e7c9fdd",
        "is_verified": false,
        "line_number": 175
      }
    ],
    "tests/test_observability.py": [
      {
        "type": "Base64 High Entropy String",
        "filename": "tests/test_observability.py",
        "hashed_secret": "edd2e7ac4f61d0c606e80a0919d727540842a307",
        "is_verified": false,
        "line_number": 36
      },
      {
        "type": "Secret Keyword",
        "filename": "tests/test_observability.py",
        "hashed_secret": "edd2e7ac4f61d0c606e80a0919d727540842a307",
        "is_verified": false,
        "line_number": 36
      }
    ],
    "tests/test_official_benchmark_judges.py": [
      {
        "type": "Secret Keyword",
        "filename": "tests/test_official_benchmark_judges.py",
        "hashed_secret": "fab5c7fdde361cdb97abe6f3f6ee9002403431e3",
        "is_verified": false,
        "line_number": 117
      }
    ],
    "tests/test_retention_safety.py": [
      {
        "type": "Secret Keyword",
        "filename": "tests/test_retention_safety.py",
        "hashed_secret": "64cb89fa2a7b029b7dd99cdcd9709d8b9f958bf4",
        "is_verified": false,
        "line_number": 137
      },
      {
        "type": "Secret Keyword",
        "filename": "tests/test_retention_safety.py",
        "hashed_secret": "2bb6b986c5d6fb26dd9dd1054b545ce022371b0c",
        "is_verified": false,
        "line_number": 138
      }
    ],
    "tests/test_staged_pipeline.py": [
      {
        "type": "Base64 High Entropy String",
        "filename": "tests/test_staged_pipeline.py",
        "hashed_secret": "748ab334bf0572ba7dbd3438080f1812fad50eb5",
        "is_verified": false,
        "line_number": 471
      }
    ],
    "tests/test_storage_backend_parity.py": [
      {
        "type": "Secret Keyword",
        "filename": "tests/test_storage_backend_parity.py",
        "hashed_secret": "3ed771b372ea6daa2746c9719c9151a9788b6f2e",
        "is_verified": false,
        "line_number": 2541
      },
      {
        "type": "Secret Keyword",
        "filename": "tests/test_storage_backend_parity.py",
        "hashed_secret": "1791573cd3ff45b0f4bc8753ee190445ef5a6794",
        "is_verified": false,
        "line_number": 2578
      }
    ],
    "ui/admin/src/App.test.tsx": [
      {
        "type": "Hex High Entropy String",
        "filename": "ui/admin/src/App.test.tsx",
        "hashed_secret": "3bc852cc5929d90208d6a2b8b9a914796d8601e9",
        "is_verified": false,
        "line_number": 402
      }
    ]
  },
  "generated_at": "2026-09-08T16:28:48Z"
}
